<?php return array (
  0 => 'Symfony\\Bundle\\FrameworkBundle\\Controller\\AbstractController',
  1 => 'App\\Controller\\ActivateAccountController',
  2 => 'App\\Controller\\AdminColisController',
  3 => 'App\\Controller\\AdminController',
  4 => 'App\\Controller\\AnnoncesController',
  5 => 'App\\Controller\\ColisController',
  6 => 'App\\Controller\\DocumentexpeditionController',
  7 => 'App\\Controller\\ErrorController',
  8 => 'App\\Controller\\EvaluationController',
  9 => 'App\\Controller\\LoginController',
  10 => 'App\\Controller\\MessageController',
  11 => 'App\\Controller\\ReclamationsController',
  12 => 'App\\Controller\\RegistrationController',
  13 => 'App\\Controller\\ResetPasswordController',
  14 => 'App\\Controller\\SecurityController',
  15 => 'App\\Controller\\UserController',
  16 => 'App\\Controller\\UsermobilController',
  17 => 'App\\Controller\\ValidationController',
  18 => 'App\\Controller\\VehiculeController',
  19 => 'App\\Entity\\Annonces',
  20 => 'App\\Entity\\Colis',
  21 => 'App\\Entity\\ColisRepository',
  22 => 'App\\Entity\\Colisr',
  23 => 'App\\Entity\\Competition',
  24 => 'App\\Entity\\Documentexpedition',
  25 => 'App\\Entity\\Evaluation',
  26 => 'App\\Entity\\Gifts',
  27 => 'App\\Entity\\Message',
  28 => 'App\\Entity\\Reactions',
  29 => 'App\\Entity\\Reclamations',
  30 => 'App\\Entity\\Reservation',
  31 => 'App\\Entity\\ResetPasswordRequest',
  32 => 'App\\Entity\\User',
  33 => 'App\\Entity\\Validation',
  34 => 'App\\Entity\\Vehicule',
  35 => 'Doctrine\\Bundle\\DoctrineBundle\\Controller\\ProfilerController',
  36 => 'Doctrine\\ORM\\Cache\\Persister\\Entity\\AbstractEntityPersister',
  37 => 'Doctrine\\ORM\\Cache\\Persister\\Entity\\CachedEntityPersister',
  38 => 'Doctrine\\ORM\\Cache\\Persister\\Entity\\NonStrictReadWriteCachedEntityPersister',
  39 => 'Doctrine\\ORM\\Cache\\Persister\\Entity\\ReadOnlyCachedEntityPersister',
  40 => 'Doctrine\\ORM\\Cache\\Persister\\Entity\\ReadWriteCachedEntityPersister',
  41 => 'Doctrine\\ORM\\Persisters\\Entity\\AbstractEntityInheritancePersister',
  42 => 'Doctrine\\ORM\\Persisters\\Entity\\BasicEntityPersister',
  43 => 'Doctrine\\ORM\\Persisters\\Entity\\CachedPersisterContext',
  44 => 'Doctrine\\ORM\\Persisters\\Entity\\EntityPersister',
  45 => 'Doctrine\\ORM\\Persisters\\Entity\\JoinedSubclassPersister',
  46 => 'Doctrine\\ORM\\Persisters\\Entity\\SingleTablePersister',
  47 => 'Endroid\\QrCodeBundle\\Controller\\GenerateController',
  48 => 'SymfonyCasts\\Bundle\\ResetPassword\\Controller\\ResetPasswordControllerTrait',
  50 => 'Symfony\\Bundle\\FrameworkBundle\\Controller\\ControllerResolver',
  51 => 'Symfony\\Bundle\\FrameworkBundle\\Controller\\RedirectController',
  52 => 'Symfony\\Bundle\\FrameworkBundle\\Controller\\TemplateController',
  53 => 'Symfony\\Bundle\\WebProfilerBundle\\Controller\\ExceptionPanelController',
  54 => 'Symfony\\Bundle\\WebProfilerBundle\\Controller\\ProfilerController',
  55 => 'Symfony\\Bundle\\WebProfilerBundle\\Controller\\RouterController',
  56 => 'Symfony\\Component\\HttpKernel\\Controller\\ArgumentResolver',
  57 => 'Symfony\\Component\\HttpKernel\\Controller\\ArgumentResolverInterface',
  58 => 'Symfony\\Component\\HttpKernel\\Controller\\ArgumentResolver\\DefaultValueResolver',
  59 => 'Symfony\\Component\\HttpKernel\\Controller\\ArgumentResolver\\NotTaggedControllerValueResolver',
  60 => 'Symfony\\Component\\HttpKernel\\Controller\\ArgumentResolver\\RequestAttributeValueResolver',
  61 => 'Symfony\\Component\\HttpKernel\\Controller\\ArgumentResolver\\RequestValueResolver',
  62 => 'Symfony\\Component\\HttpKernel\\Controller\\ArgumentResolver\\ServiceValueResolver',
  63 => 'Symfony\\Component\\HttpKernel\\Controller\\ArgumentResolver\\SessionValueResolver',
  64 => 'Symfony\\Component\\HttpKernel\\Controller\\ArgumentResolver\\TraceableValueResolver',
  65 => 'Symfony\\Component\\HttpKernel\\Controller\\ArgumentResolver\\VariadicValueResolver',
  66 => 'Symfony\\Component\\HttpKernel\\Controller\\ArgumentValueResolverInterface',
  67 => 'Symfony\\Component\\HttpKernel\\Controller\\ContainerControllerResolver',
  68 => 'Symfony\\Component\\HttpKernel\\Controller\\ControllerReference',
  69 => 'Symfony\\Component\\HttpKernel\\Controller\\ControllerResolver',
  70 => 'Symfony\\Component\\HttpKernel\\Controller\\ControllerResolverInterface',
  71 => 'Symfony\\Component\\HttpKernel\\Controller\\ErrorController',
  72 => 'Symfony\\Component\\HttpKernel\\Controller\\TraceableArgumentResolver',
  73 => 'Symfony\\Component\\HttpKernel\\Controller\\TraceableControllerResolver',
  74 => 'Symfony\\Component\\Security\\Http\\Controller\\UserValueResolver',
);