<?php return array (
  0 => 'Symfony\\Bundle\\FrameworkBundle\\Controller\\AbstractController',
  1 => 'App\\Controller\\AnnoncesController',
  2 => 'App\\Controller\\ColisController',
  3 => 'App\\Controller\\LoginController',
  4 => 'App\\Controller\\MessageController',
  5 => 'App\\Controller\\RegistrationController',
  6 => 'App\\Controller\\SecurityController',
  7 => 'App\\Controller\\UserController',
  8 => 'App\\Controller\\ValidationController',
  9 => 'App\\Controller\\VehiculeController',
  10 => 'App\\Entity\\Annonces',
  11 => 'App\\Entity\\Colis',
  12 => 'App\\Entity\\Colisr',
  13 => 'App\\Entity\\Competition',
  14 => 'App\\Entity\\Documentexpedition',
  15 => 'App\\Entity\\Evaluation',
  16 => 'App\\Entity\\Gifts',
  17 => 'App\\Entity\\Message',
  18 => 'App\\Entity\\Reactions',
  19 => 'App\\Entity\\Reservation',
  20 => 'App\\Entity\\User',
  21 => 'App\\Entity\\Validation',
  22 => 'App\\Entity\\Vehicule',
  23 => 'Doctrine\\Bundle\\DoctrineBundle\\Controller\\ProfilerController',
  24 => 'Doctrine\\ORM\\Cache\\Persister\\Entity\\AbstractEntityPersister',
  25 => 'Doctrine\\ORM\\Cache\\Persister\\Entity\\CachedEntityPersister',
  26 => 'Doctrine\\ORM\\Cache\\Persister\\Entity\\NonStrictReadWriteCachedEntityPersister',
  27 => 'Doctrine\\ORM\\Cache\\Persister\\Entity\\ReadOnlyCachedEntityPersister',
  28 => 'Doctrine\\ORM\\Cache\\Persister\\Entity\\ReadWriteCachedEntityPersister',
  29 => 'Doctrine\\ORM\\Persisters\\Entity\\AbstractEntityInheritancePersister',
  30 => 'Doctrine\\ORM\\Persisters\\Entity\\BasicEntityPersister',
  31 => 'Doctrine\\ORM\\Persisters\\Entity\\CachedPersisterContext',
  32 => 'Doctrine\\ORM\\Persisters\\Entity\\EntityPersister',
  33 => 'Doctrine\\ORM\\Persisters\\Entity\\JoinedSubclassPersister',
  34 => 'Doctrine\\ORM\\Persisters\\Entity\\SingleTablePersister',
  36 => 'Symfony\\Bundle\\FrameworkBundle\\Controller\\ControllerResolver',
  37 => 'Symfony\\Bundle\\FrameworkBundle\\Controller\\RedirectController',
  38 => 'Symfony\\Bundle\\FrameworkBundle\\Controller\\TemplateController',
  39 => 'Symfony\\Bundle\\WebProfilerBundle\\Controller\\ExceptionPanelController',
  40 => 'Symfony\\Bundle\\WebProfilerBundle\\Controller\\ProfilerController',
  41 => 'Symfony\\Bundle\\WebProfilerBundle\\Controller\\RouterController',
  42 => 'Symfony\\Component\\HttpKernel\\Controller\\ArgumentResolver',
  43 => 'Symfony\\Component\\HttpKernel\\Controller\\ArgumentResolverInterface',
  44 => 'Symfony\\Component\\HttpKernel\\Controller\\ArgumentResolver\\DefaultValueResolver',
  45 => 'Symfony\\Component\\HttpKernel\\Controller\\ArgumentResolver\\NotTaggedControllerValueResolver',
  46 => 'Symfony\\Component\\HttpKernel\\Controller\\ArgumentResolver\\RequestAttributeValueResolver',
  47 => 'Symfony\\Component\\HttpKernel\\Controller\\ArgumentResolver\\RequestValueResolver',
  48 => 'Symfony\\Component\\HttpKernel\\Controller\\ArgumentResolver\\ServiceValueResolver',
  49 => 'Symfony\\Component\\HttpKernel\\Controller\\ArgumentResolver\\SessionValueResolver',
  50 => 'Symfony\\Component\\HttpKernel\\Controller\\ArgumentResolver\\TraceableValueResolver',
  51 => 'Symfony\\Component\\HttpKernel\\Controller\\ArgumentResolver\\VariadicValueResolver',
  52 => 'Symfony\\Component\\HttpKernel\\Controller\\ArgumentValueResolverInterface',
  53 => 'Symfony\\Component\\HttpKernel\\Controller\\ContainerControllerResolver',
  54 => 'Symfony\\Component\\HttpKernel\\Controller\\ControllerReference',
  55 => 'Symfony\\Component\\HttpKernel\\Controller\\ControllerResolver',
  56 => 'Symfony\\Component\\HttpKernel\\Controller\\ControllerResolverInterface',
  57 => 'Symfony\\Component\\HttpKernel\\Controller\\ErrorController',
  58 => 'Symfony\\Component\\HttpKernel\\Controller\\TraceableArgumentResolver',
  59 => 'Symfony\\Component\\HttpKernel\\Controller\\TraceableControllerResolver',
  60 => 'Symfony\\Component\\Security\\Http\\Controller\\UserValueResolver',
);